// Jest Snapshot v1, https://goo.gl/fbAQLP

exports[`Jest snapshot test Test is not passing 1`] = `
Object {
  "test": true,
}
`;